U-Boot SPL 2020.01-g2781231a33 (Apr 07 2021 - 21:35:11 +0000)
SYSFW ABI: 3.1 (firmware rev 0x0015 '21.1.1--v2021.01a (Terrific Lla')
Trying to boot from MMC2
Loading Environment from MMC... *** Warning - No MMC card found, using default environment

Starting ATF on ARM64 core...

NOTICE:  BL31: v2.4(release):07.03.00.005-dirty
NOTICE:  BL31: Built : 20:38:51, Apr  7 2021

U-Boot SPL 2020.01-g2781231a33 (Apr 07 2021 - 20:39:34 +0000)
SYSFW ABI: 3.1 (firmware rev 0x0015 '21.1.1--v2021.01a (Terrific Lla')
Detected: J7X-BASE-CPB rev E2
Detected: J7X-INFOTAN-EXP rev E3
Trying to boot from MMC2


U-Boot 2020.01-g2781231a33 (Apr 07 2021 - 20:39:34 +0000)

SoC:   J721E SR1.0
Model: Texas Instruments K3 J721E SoC
Board: J721EX-PM1-SOM rev E2
DRAM:  4 GiB
not found for dev hbmc-mux
Flash: 0 Bytes
MMC:   sdhci@4f80000: 0, sdhci@4fb0000: 1
Loading Environment from MMC... OK
In:    serial@2800000
Out:   serial@2800000
Err:   serial@2800000
Detected: J7X-BASE-CPB rev E2
Detected: J7X-INFOTAN-EXP rev E3
Net:   K3 CPSW: nuss_ver: 0x6BA00101 cpsw_ver: 0x6BA80100 ale_ver: 0x00293904 Ports:1 mdio_freq:1000000

Warning: ethernet@46000000 using MAC address from ROM
eth0: ethernet@46000000
Hit any key to stop autoboot:  0 
switch to partitions #0, OK
mmc1 is current device
SD/MMC found on device 1
483 bytes read in 1 ms (471.7 KiB/s)
Loaded env from uEnv.txt
Importing environment from mmc1 ...
Running uenvcmd ...
1 bytes read in 2 ms (0 Bytes/s)
Already setup.
Core 1 is already in use. No rproc commands work
Core 2 is already in use. No rproc commands work
5265752 bytes read in 115 ms (43.7 MiB/s)
Load Remote Processor 2 with data@addr=0x82000000 5265752 bytes: Success!
1968128 bytes read in 45 ms (41.7 MiB/s)
Load Remote Processor 3 with data@addr=0x82000000 1968128 bytes: Success!
1579152 bytes read in 35 ms (43 MiB/s)
Load Remote Processor 6 with data@addr=0x82000000 1579152 bytes: Success!
1579152 bytes read in 35 ms (43 MiB/s)
Load Remote Processor 7 with data@addr=0x82000000 1579152 bytes: Success!
10268656 bytes read in 92 ms (106.4 MiB/s)
Load Remote Processor 8 with data@addr=0x82000000 10268656 bytes: Success!
16932872 bytes read in 353 ms (45.7 MiB/s)
97793 bytes read in 4 ms (23.3 MiB/s)
10978 bytes read in 3 ms (3.5 MiB/s)
## Flattened Device Tree blob at 88000000
   Booting using the fdt blob at 0x88000000
   Loading Device Tree to 000000008fee5000, end 000000008fffffff ... OK

Starting kernel ...

[    0.000000] Booting Linux on physical CPU 0x0000000000 [0x411fd080]
[    0.000000] Linux version 5.4.106-g023faefa70 (oe-user@oe-host) (gcc version 9.2.1 20191025 (GNU Toolchain for the A-profile Architecture 9.2-2019.12 (arm-9.10))) #1 SMP PREEMPT Thu Apr 1 13:00:26 UTC1
[    0.000000] Machine model: Texas Instruments K3 J721E SoC
[    0.000000] earlycon: ns16550a0 at MMIO32 0x0000000002800000 (options '')
[    0.000000] printk: bootconsole [ns16550a0] enabled
[    0.000000] Reserved memory: created DMA memory pool at 0x00000000a0000000, size 1 MiB
[    0.000000] OF: reserved mem: initialized node vision-apps-r5f-dma-memory@a0000000, compatible id shared-dma-pool
[    0.000000] Reserved memory: created DMA memory pool at 0x00000000a0100000, size 15 MiB
[    0.000000] OF: reserved mem: initialized node vision_apps-r5f-memory@a0100000, compatible id shared-dma-pool
[    0.000000] Reserved memory: created DMA memory pool at 0x00000000a1000000, size 1 MiB
[    0.000000] OF: reserved mem: initialized node vision-apps-r5f-dma-memory@a1000000, compatible id shared-dma-pool
[    0.000000] Reserved memory: created DMA memory pool at 0x00000000a1100000, size 15 MiB
[    0.000000] OF: reserved mem: initialized node vision-apps-r5f-memory@a1100000, compatible id shared-dma-pool
[    0.000000] Reserved memory: created DMA memory pool at 0x00000000a2000000, size 1 MiB
[    0.000000] OF: reserved mem: initialized node vision-apps-r5f-dma-memory@a2000000, compatible id shared-dma-pool
[    0.000000] Reserved memory: created DMA memory pool at 0x00000000a2100000, size 31 MiB
[    0.000000] OF: reserved mem: initialized node vision-apps-r5f-memory@a2100000, compatible id shared-dma-pool
[    0.000000] Reserved memory: created DMA memory pool at 0x00000000a4000000, size 1 MiB
[    0.000000] OF: reserved mem: initialized node vision-apps-r5f-dma-memory@a4000000, compatible id shared-dma-pool
[    0.000000] Reserved memory: created DMA memory pool at 0x00000000a4100000, size 31 MiB
[    0.000000] OF: reserved mem: initialized node vision-apps-r5f-memory@a4100000, compatible id shared-dma-pool
[    0.000000] Reserved memory: created DMA memory pool at 0x00000000a6000000, size 1 MiB
[    0.000000] OF: reserved mem: initialized node vision-apps-r5f-dma-memory@a6000000, compatible id shared-dma-pool
[    0.000000] Reserved memory: created DMA memory pool at 0x00000000a6100000, size 15 MiB
[    0.000000] OF: reserved mem: initialized node vision-apps-r5f-memory@a6100000, compatible id shared-dma-pool
[    0.000000] Reserved memory: created DMA memory pool at 0x00000000a7000000, size 1 MiB
[    0.000000] OF: reserved mem: initialized node vision-apps-r5f-dma-memory@a7000000, compatible id shared-dma-pool
[    0.000000] Reserved memory: created DMA memory pool at 0x00000000a7100000, size 15 MiB
[    0.000000] OF: reserved mem: initialized node vision-apps-r5f-memory@a7100000, compatible id shared-dma-pool
[    0.000000] Reserved memory: created DMA memory pool at 0x00000000a8000000, size 1 MiB
[    0.000000] OF: reserved mem: initialized node vision-apps-c66-dma-memory@a8000000, compatible id shared-dma-pool
[    0.000000] Reserved memory: created DMA memory pool at 0x00000000a8100000, size 15 MiB
[    0.000000] OF: reserved mem: initialized node vision-apps-c66-memory@a8100000, compatible id shared-dma-pool
[    0.000000] Reserved memory: created DMA memory pool at 0x00000000a9000000, size 1 MiB
[    0.000000] OF: reserved mem: initialized node vision-apps-c66-dma-memory@a9000000, compatible id shared-dma-pool
[    0.000000] Reserved memory: created DMA memory pool at 0x00000000a9100000, size 15 MiB
[    0.000000] OF: reserved mem: initialized node vision-apps-c66-memory@a9100000, compatible id shared-dma-pool
[    0.000000] Reserved memory: created DMA memory pool at 0x00000000aa000000, size 1 MiB
[    0.000000] OF: reserved mem: initialized node vision-apps-c71-dma-memory@aa000000, compatible id shared-dma-pool
[    0.000000] Reserved memory: created DMA memory pool at 0x00000000aa100000, size 79 MiB
[    0.000000] OF: reserved mem: initialized node vision-apps-c71-memory@aa100000, compatible id shared-dma-pool
[    0.000000] Reserved memory: created DMA memory pool at 0x00000000b2000000, size 96 MiB
[    0.000000] OF: reserved mem: initialized node vision-apps-dma-memory@b2000000, compatible id shared-dma-pool
[    0.000000] OF: reserved mem: initialized node vision_apps_shared-memories, compatible id dma-heap-carveout
[    0.000000] Reserved memory: created DMA memory pool at 0x00000000d8000000, size 576 MiB
[    0.000000] OF: reserved mem: initialized node vision-apps-core-heap-memory-lo@d8000000, compatible id shared-dma-pool
[    0.000000] Reserved memory: created DMA memory pool at 0x0000000880000000, size 1024 MiB
[    0.000000] OF: reserved mem: initialized node vision-apps-core-heap-memory-hi@880000000, compatible id shared-dma-pool
[    0.000000] cma: Failed to reserve 512 MiB
[    0.000000] psci: probing for conduit method from DT.
[    0.000000] psci: PSCIv1.1 detected in firmware.
[    0.000000] psci: Using standard PSCI v0.2 function IDs
[    0.000000] psci: Trusted OS migration not required
[    0.000000] psci: SMC Calling Convention v1.0
[    0.000000] percpu: Embedded 2 pages/cpu s48472 r8192 d74408 u131072
[    0.000000] Detected PIPT I-cache on CPU0
[    0.000000] CPU features: detected: GIC system register CPU interface
[    0.000000] CPU features: detected: EL2 vector hardening
[    0.000000] Built 1 zonelists, mobility grouping off.  Total pages: 46400
[    0.000000] Kernel command line: console=ttyS2,115200n8 earlycon=ns16550a,mmio32,0x02800000 mtdparts=47040000.spi.0:512k(ospi.tiboot3),2m(ospi.tispl),4m(ospi.u-boot),128k(ospi.env),128k(ospi.env.backut
[    0.000000] Dentry cache hash table entries: 524288 (order: 6, 4194304 bytes, linear)
[    0.000000] Inode-cache hash table entries: 262144 (order: 5, 2097152 bytes, linear)
[    0.000000] mem auto-init: stack:off, heap alloc:off, heap free:off
[    0.000000] software IO TLB: mapped [mem 0x9a800000-0x9e800000] (64MB)
[    0.000000] Memory: 1535296K/2973696K available (9726K kernel code, 856K rwdata, 3904K rodata, 1664K init, 679K bss, 1438400K reserved, 0K cma-reserved)
[    0.000000] SLUB: HWalign=64, Order=0-3, MinObjects=0, CPUs=2, Nodes=1
[    0.000000] rcu: Preemptible hierarchical RCU implementation.
[    0.000000] rcu:     RCU restricting CPUs from NR_CPUS=256 to nr_cpu_ids=2.
[    0.000000]  Tasks RCU enabled.
[    0.000000] rcu: RCU calculated value of scheduler-enlistment delay is 25 jiffies.
[    0.000000] rcu: Adjusting geometry for rcu_fanout_leaf=16, nr_cpu_ids=2
[    0.000000] NR_IRQS: 64, nr_irqs: 64, preallocated irqs: 0
[    0.000000] GICv3: GIC: Using split EOI/Deactivate mode
[    0.000000] GICv3: 960 SPIs implemented
[    0.000000] GICv3: 0 Extended SPIs implemented
[    0.000000] GICv3: Distributor has no Range Selector support
[    0.000000] GICv3: 16 PPIs implemented
[    0.000000] GICv3: no VLPI support, no direct LPI support
[    0.000000] GICv3: CPU0: found redistributor 0 region 0:0x0000000001900000
[    0.000000] ITS [mem 0x01820000-0x0182ffff]
[    0.000000] GIC: enabling workaround for ITS: Socionext Synquacer pre-ITS
[    0.000000] ITS@0x0000000001820000: allocated 1048576 Devices @8c0800000 (flat, esz 8, psz 64K, shr 0)
[    0.000000] ITS: using cache flushing for cmd queue
[    0.000000] GICv3: using LPI property table @0x00000008c00c0000
[    0.000000] GIC: using cache flushing for LPI property table
[    0.000000] GICv3: CPU0: using allocated LPI pending table @0x00000008c00d0000
[    0.000000] random: get_random_bytes called from start_kernel+0x2b8/0x42c with crng_init=0
[    0.000000] arch_timer: cp15 timer(s) running at 200.00MHz (phys).
[    0.000000] clocksource: arch_sys_counter: mask: 0xffffffffffffff max_cycles: 0x2e2049d3e8, max_idle_ns: 440795210634 ns
[    0.000001] sched_clock: 56 bits at 200MHz, resolution 5ns, wraps every 4398046511102ns
[    0.008390] Console: colour dummy device 80x25
[    0.012951] Calibrating delay loop (skipped), value calculated using timer frequency.. 400.00 BogoMIPS (lpj=800000)
[    0.023620] pid_max: default: 32768 minimum: 301
[    0.028370] LSM: Security Framework initializing
[    0.033118] Mount-cache hash table entries: 8192 (order: 0, 65536 bytes, linear)
[    0.040686] Mountpoint-cache hash table entries: 8192 (order: 0, 65536 bytes, linear)
[    0.049762] ASID allocator initialised with 32768 entries
[    0.055345] rcu: Hierarchical SRCU implementation.
[    0.060379] Platform MSI: gic-its@1820000 domain created
[    0.066031] PCI/MSI: /bus@100000/interrupt-controller@1800000/gic-its@1820000 domain created
[    0.074862] smp: Bringing up secondary CPUs ...
[    0.080059] Detected PIPT I-cache on CPU1
[    0.080079] GICv3: CPU1: found redistributor 1 region 0:0x0000000001920000
[    0.080089] GICv3: CPU1: using allocated LPI pending table @0x00000008c00e0000
[    0.080118] CPU1: Booted secondary processor 0x0000000001 [0x411fd080]
[    0.080172] smp: Brought up 1 node, 2 CPUs
[    0.109519] SMP: Total of 2 processors activated.
[    0.114322] CPU features: detected: 32-bit EL0 Support
[    0.119575] CPU features: detected: CRC32 instructions
[    0.131273] CPU: All CPU(s) started at EL2
[    0.135467] alternatives: patching kernel code
[    0.140550] devtmpfs: initialized
[    0.148936] clocksource: jiffies: mask: 0xffffffff max_cycles: 0xffffffff, max_idle_ns: 7645041785100000 ns
[    0.158904] futex hash table entries: 512 (order: -1, 32768 bytes, linear)
[    0.166240] pinctrl core: initialized pinctrl subsystem
[    0.172032] NET: Registered protocol family 16
[    0.176781] DMA: preallocated 256 KiB pool for atomic allocations
[    0.183271] hw-breakpoint: found 6 breakpoint and 4 watchpoint registers.
[    0.198719] HugeTLB registered 16.0 GiB page size, pre-allocated 0 pages
[    0.205575] HugeTLB registered 512 MiB page size, pre-allocated 0 pages
[    0.212336] HugeTLB registered 2.00 MiB page size, pre-allocated 0 pages
[    0.219909] cryptd: max_cpu_qlen set to 1000
[    0.226032] vsys_3v3: supplied by evm_12v0
[    0.230334] vsys_5v0: supplied by evm_12v0
[    0.234868] iommu: Default domain type: Translated 
[    0.240054] SCSI subsystem initialized
[    0.244156] mc: Linux media interface: v0.10
[    0.248527] videodev: Linux video capture interface: v2.00
[    0.254137] pps_core: LinuxPPS API ver. 1 registered
[    0.259206] pps_core: Software ver. 5.3.6 - Copyright 2005-2007 Rodolfo Giometti <giometti@linux.it>
[    0.268543] PTP clock support registered
[    0.272553] EDAC MC: Ver: 3.0.0
[    0.276277] FPGA manager framework
[    0.279786] Advanced Linux Sound Architecture Driver Initialized.
[    0.286423] clocksource: Switched to clocksource arch_sys_counter
[    0.292727] VFS: Disk quotas dquot_6.6.0
[    0.296775] VFS: Dquot-cache hash table entries: 8192 (order 0, 65536 bytes)
[    0.306235] Carveout Heap: Exported 512 MiB at 0x00000000b8000000
[    0.312469] thermal_sys: Registered thermal governor 'step_wise'
[    0.312470] thermal_sys: Registered thermal governor 'power_allocator'
[    0.318912] NET: Registered protocol family 2
[    0.330297] tcp_listen_portaddr_hash hash table entries: 4096 (order: 0, 65536 bytes, linear)
[    0.339062] TCP established hash table entries: 32768 (order: 2, 262144 bytes, linear)
[    0.347256] TCP bind hash table entries: 32768 (order: 3, 524288 bytes, linear)
[    0.355164] TCP: Hash tables configured (established 32768 bind 32768)
[    0.361905] UDP hash table entries: 2048 (order: 0, 65536 bytes, linear)
[    0.368796] UDP-Lite hash table entries: 2048 (order: 0, 65536 bytes, linear)
[    0.376198] NET: Registered protocol family 1
[    0.380939] RPC: Registered named UNIX socket transport module.
[    0.386993] RPC: Registered udp transport module.
[    0.391797] RPC: Registered tcp transport module.
[    0.396599] RPC: Registered tcp NFSv4.1 backchannel transport module.
[    0.403182] PCI: CLS 0 bytes, default 64
[    0.407529] hw perfevents: enabled with armv8_pmuv3 PMU driver, 7 counters available
[    0.417431] Initialise system trusted keyrings
[    0.422060] workingset: timestamp_bits=46 max_order=15 bucket_order=0
[    0.430646] squashfs: version 4.0 (2009/01/31) Phillip Lougher
[    0.436837] NFS: Registering the id_resolver key type
[    0.442011] Key type id_resolver registered
[    0.446281] Key type id_legacy registered
[    0.450377] nfs4filelayout_init: NFSv4 File Layout Driver Registering...
[    0.457331] 9p: Installing v9fs 9p2000 file system support
[    0.470033] Key type asymmetric registered
[    0.474218] Asymmetric key parser 'x509' registered
[    0.479215] Block layer SCSI generic (bsg) driver version 0.4 loaded (major 244)
[    0.486773] io scheduler mq-deadline registered
[    0.491398] io scheduler kyber registered
[    0.496601] pinctrl-single 4301c000.pinmux: 94 pins, size 376
[    0.502682] pinctrl-single 11c000.pinmux: 173 pins, size 692
[    0.510975] k3-ringacc 2b800000.ringacc: Failed to get MSI domain
[    0.517235] k3-ringacc 3c000000.ringacc: Failed to get MSI domain
[    0.523580] ti-pat 31010000.pat: Found PAT Rev 1.0 with 16384 pages
[    0.529993] debugfs: Directory '31010000.pat' with parent 'regmap' already present!
[    0.537962] ti-pat 31011000.pat: Found PAT Rev 1.0 with 16384 pages
[    0.544379] debugfs: Directory '31011000.pat' with parent 'regmap' already present!
[    0.552301] ti-pat 31012000.pat: Found PAT Rev 1.0 with 16384 pages
[    0.558714] debugfs: Directory '31012000.pat' with parent 'regmap' already present!
[    0.566628] ti-pat 31013000.pat: Found PAT Rev 1.0 with 2048 pages
[    0.572953] debugfs: Directory '31013000.pat' with parent 'regmap' already present!
[    0.580869] ti-pat 31014000.pat: Found PAT Rev 1.0 with 2048 pages
[    0.587191] debugfs: Directory '31014000.pat' with parent 'regmap' already present!
[    0.596550] Serial: 8250/16550 driver, 10 ports, IRQ sharing enabled
[    0.608620] brd: module loaded
[    0.614648] loop: module loaded
[    0.618158] sysfs: cannot create duplicate filename '/devices/platform/dma_buf_phys'
[    0.626085] CPU: 1 PID: 1 Comm: swapper/0 Not tainted 5.4.106-g023faefa70 #1
[    0.633284] Hardware name: Texas Instruments K3 J721E SoC (DT)
[    0.639239] Call trace:
[    0.641735]  dump_backtrace+0x0/0x140
[    0.645469]  show_stack+0x14/0x20
[    0.648858]  dump_stack+0xb4/0x110
[    0.652330]  sysfs_warn_dup+0x5c/0x78
[    0.656064]  sysfs_create_dir_ns+0xd8/0xf0
[    0.660246]  kobject_add_internal+0x94/0x280
[    0.664602]  kobject_add+0x90/0xf8
[    0.668074]  device_add+0xdc/0x600
[    0.671542]  platform_device_add+0xfc/0x228
[    0.675809]  platform_device_register_full+0xc8/0x140
[    0.680968]  dma_buf_phys_init+0x68/0x94
[    0.684969]  do_one_initcall+0x50/0x1a8
[    0.688882]  kernel_init_freeable+0x194/0x23c
[    0.693328]  kernel_init+0x10/0xfc
[    0.696796]  ret_from_fork+0x10/0x1c
[    0.700452] kobject_add_internal failed for dma_buf_phys with -EEXIST, don't try to register things with the same name in the same directory.
[    0.714605] libphy: Fixed MDIO Bus: probed
[    0.718951] tun: Universal TUN/TAP device driver, 1.6
[    0.724373] igbvf: Intel(R) Gigabit Virtual Function Network Driver - version 2.4.0-k
[    0.732377] igbvf: Copyright (c) 2009 - 2012 Intel Corporation.
[    0.738440] sky2: driver version 1.30
[    0.742716] VFIO - User Level meta-driver version: 0.3
[    0.748326] i2c /dev entries driver
[    0.752396] sdhci: Secure Digital Host Controller Interface driver
[    0.758710] sdhci: Copyright(c) Pierre Ossman
[    0.763395] sdhci-pltfm: SDHCI platform and OF driver helper
[    0.769661] ledtrig-cpu: registered to indicate activity on CPUs
[    0.776438] optee: probing for conduit method from DT.
[    0.781704] optee: revision 3.11 (c4def2a8)
[    0.782025] optee: initialized driver
[    0.790900] NET: Registered protocol family 17
[    0.795514] 9pnet: Installing 9P2000 support
[    0.799904] Key type dns_resolver registered
[    0.804425] registered taskstats version 1
[    0.808612] Loading compiled-in X.509 certificates
[    0.817321] k3-ringacc 2b800000.ringacc: Failed to get MSI domain
[    0.823646] k3-ringacc 3c000000.ringacc: Failed to get MSI domain
[    0.831315] ti-sci 44083000.dmsc: ABI: 3.1 (firmware rev 0x0015 '21.1.1--v2021.01a (Terrific Lla')
[    0.850921] random: fast init done
[    0.872056] davinci-mcasp 2ba0000.mcasp: IRQ common not found
[    0.879421] omap_i2c 40b00000.i2c: bus 0 rev0.12 at 100 kHz
[    0.885406] omap_i2c 40b10000.i2c: bus 1 rev0.12 at 100 kHz
[    0.891374] omap_i2c 42120000.i2c: bus 2 rev0.12 at 100 kHz
[    0.897400] pca953x 3-0020: 3-0020 supply vcc not found, using dummy regulator
[    0.904818] pca953x 3-0020: using no AI
[    0.930957] pca953x 3-0022: 3-0022 supply vcc not found, using dummy regulator
[    0.938360] pca953x 3-0022: using AI
[    0.942619] GPIO line 480 (CTRL_PM_I2C_OE) hogged as output/high
[    0.948945] GPIO line 481 (MCASP/TRACE_MUX_S0) hogged as output/low
[    0.955537] GPIO line 482 (MCASP/TRACE_MUX_S1) hogged as output/high
[    0.962368] omap_i2c 2000000.i2c: bus 3 rev0.12 at 400 kHz
[    0.969019] omap_i2c 2020000.i2c: bus 4 rev0.12 at 400 kHz
[    0.974957] pca953x 5-0020: 5-0020 supply vcc not found, using dummy regulator
[    0.982370] pca953x 5-0020: using no AI
[    1.990584] pca953x 5-0020: failed writing register
[    1.995625] pca953x: probe of 5-0020 failed with error -16
[    2.001331] omap_i2c 2030000.i2c: bus 5 rev0.12 at 400 kHz
[    2.007253] omap_i2c 2040000.i2c: bus 6 rev0.12 at 100 kHz
[    2.013105] omap_i2c 2050000.i2c: bus 7 rev0.12 at 100 kHz
[    2.019389] ti-sci-intr bus@100000:bus@28380000:interrupt-controller2: Interrupt Router 137 domain created
[    2.029337] ti-sci-intr bus@100000:interrupt-controller0: Interrupt Router 131 domain created
[    2.038118] ti-sci-intr bus@100000:navss@30000000:interrupt-controller1: Interrupt Router 213 domain created
[    2.048277] ti-sci-inta 33d00000.interrupt-controller: Interrupt Aggregator domain -1 created
[    3.066119] j721e-pcie 2900000.pcie: host bridge /bus@100000/pcie@2900000 ranges:
[    3.073811] j721e-pcie 2900000.pcie:    IO 0x10001000..0x10010fff -> 0x10001000
[    3.081296] j721e-pcie 2900000.pcie:   MEM 0x10011000..0x17ffffff -> 0x10011000
[    3.088841] j721e-pcie 2900000.pcie: PCI host bridge to bus 0000:00
[    3.095248] pci_bus 0000:00: root bus resource [bus 00-0f]
[    3.100853] pci_bus 0000:00: root bus resource [io  0x0000-0xffff] (bus address [0x10001000-0x10010fff])
[    3.110543] pci_bus 0000:00: root bus resource [mem 0x10011000-0x17ffffff]
[    3.117584] pci 0000:00:00.0: [104c:b00d] type 01 class 0x060400
[    3.123731] pci_bus 0000:00: 2-byte config write to 0000:00:00.0 offset 0x4 may corrupt adjacent RW1C bits
[    3.133601] pci_bus 0000:00: 2-byte config write to 0000:00:00.0 offset 0x4 may corrupt adjacent RW1C bits
[    3.143488] pci_bus 0000:00: 2-byte config write to 0000:00:00.0 offset 0xe8 may corrupt adjacent RW1C bits
[    3.153446] pci_bus 0000:00: 2-byte config write to 0000:00:00.0 offset 0x3e may corrupt adjacent RW1C bits
[    3.163422] pci_bus 0000:00: 2-byte config write to 0000:00:00.0 offset 0x92 may corrupt adjacent RW1C bits
[    3.173384] pci_bus 0000:00: 2-byte config write to 0000:00:00.0 offset 0xb2 may corrupt adjacent RW1C bits
[    3.183368] pci 0000:00:00.0: supports D1
[    3.187462] pci 0000:00:00.0: PME# supported from D0 D1 D3hot
[    3.193333] pci_bus 0000:00: 2-byte config write to 0000:00:00.0 offset 0x84 may corrupt adjacent RW1C bits
[    3.205118] pci 0000:00:00.0: bridge configuration invalid ([bus 00-00]), reconfiguring
[    3.213306] pci_bus 0000:00: 2-byte config write to 0000:00:00.0 offset 0x3e may corrupt adjacent RW1C bits
[    3.223265] pci_bus 0000:00: 2-byte config write to 0000:00:00.0 offset 0x3e may corrupt adjacent RW1C bits
[    3.233223] pci_bus 0000:00: 2-byte config write to 0000:00:00.0 offset 0x3e may corrupt adjacent RW1C bits
[    3.245060] pci_bus 0000:01: busn_res: [bus 01-0f] end is updated to 01
[    3.251830] pci 0000:00:00.0: PCI bridge to [bus 01]
[    3.257095] pcieport 0000:00:00.0: PME: Signaling with IRQ 37
[    3.263105] pcieport 0000:00:00.0: AER: enabled with IRQ 37
[    4.270823] j721e-pcie 2910000.pcie: host bridge /bus@100000/pcie@2910000 ranges:
[    4.278495] j721e-pcie 2910000.pcie:    IO 0x18001000..0x18010fff -> 0x18001000
[    4.285971] j721e-pcie 2910000.pcie:   MEM 0x18011000..0x1fffffff -> 0x18011000
[    4.293505] j721e-pcie 2910000.pcie: PCI host bridge to bus 0001:00
[    4.299910] pci_bus 0001:00: root bus resource [bus 00-0f]
[    4.305515] pci_bus 0001:00: root bus resource [io  0x10000-0x1ffff] (bus address [0x18001000-0x18010fff])
[    4.315382] pci_bus 0001:00: root bus resource [mem 0x18011000-0x1fffffff]
[    4.322421] pci 0001:00:00.0: [104c:b00d] type 01 class 0x060400
[    4.328628] pci 0001:00:00.0: supports D1
[    4.332722] pci 0001:00:00.0: PME# supported from D0 D1 D3hot
[    4.340484] pci 0001:00:00.0: bridge configuration invalid ([bus 00-00]), reconfiguring
[    4.350467] pci_bus 0001:01: busn_res: [bus 01-0f] end is updated to 01
[    4.357233] pci 0001:00:00.0: PCI bridge to [bus 01]
[    4.362490] pcieport 0001:00:00.0: PME: Signaling with IRQ 40
[    4.368484] pcieport 0001:00:00.0: AER: enabled with IRQ 40
[    5.376395] j721e-pcie 2920000.pcie: host bridge /bus@100000/pcie@2920000 ranges:
[    5.384069] j721e-pcie 2920000.pcie:    IO 0x4400001000..0x4400010fff -> 0x00001000
[    5.391901] j721e-pcie 2920000.pcie:   MEM 0x4400011000..0x4407ffffff -> 0x00011000
[    5.399797] j721e-pcie 2920000.pcie: PCI host bridge to bus 0002:00
[    5.406202] pci_bus 0002:00: root bus resource [bus 00-0f]
[    5.411807] pci_bus 0002:00: root bus resource [io  0x20000-0x2ffff] (bus address [0x1000-0x10fff])
[    5.421054] pci_bus 0002:00: root bus resource [mem 0x4400011000-0x4407ffffff] (bus address [0x00011000-0x07ffffff])
[    5.431822] pci 0002:00:00.0: [104c:b00d] type 01 class 0x060400
[    5.438031] pci 0002:00:00.0: supports D1
[    5.442124] pci 0002:00:00.0: PME# supported from D0 D1 D3hot
[    5.449796] pci 0002:00:00.0: bridge configuration invalid ([bus 00-00]), reconfiguring
[    5.459679] pci_bus 0002:01: busn_res: [bus 01-0f] end is updated to 01
[    5.466447] pci 0002:00:00.0: PCI bridge to [bus 01]
[    5.471702] pcieport 0002:00:00.0: PME: Signaling with IRQ 43
[    5.477710] pcieport 0002:00:00.0: AER: enabled with IRQ 43
[    5.484142] k3-ringacc 2b800000.ringacc: Ring Accelerator probed rings:286, gp-rings[96,20] sci-dev-id:235
[    5.494021] k3-ringacc 2b800000.ringacc: dma-ring-reset-quirk: disabled
[    5.500780] k3-ringacc 2b800000.ringacc: RA Proxy rev. 66346100, num_proxies:64
[    5.509647] k3-ringacc 3c000000.ringacc: Ring Accelerator probed rings:1024, gp-rings[440,150] sci-dev-id:211
[    5.519802] k3-ringacc 3c000000.ringacc: dma-ring-reset-quirk: disabled
[    5.526561] k3-ringacc 3c000000.ringacc: RA Proxy rev. 66346100, num_proxies:64
[    5.534439] 40a00000.serial: ttyS1 at MMIO 0x40a00000 (irq = 7, base_baud = 6000000) is a 8250
[    5.543605] 2800000.serial: ttyS2 at MMIO 0x2800000 (irq = 22, base_baud = 3000000) is a 8250
[    5.552349] printk: console [ttyS2] enabled
[    5.552349] printk: console [ttyS2] enabled
[    5.560786] printk: bootconsole [ns16550a0] disabled
[    5.560786] printk: bootconsole [ns16550a0] disabled
[    5.571106] 2810000.serial: ttyS3 at MMIO 0x2810000 (irq = 23, base_baud = 3000000) is a 8250
[    5.579947] 2840000.serial: ttyS6 at MMIO 0x2840000 (irq = 24, base_baud = 3000000) is a 8250
[    5.588686] arm-smmu-v3 36600000.smmu: ias 48-bit, oas 48-bit (features 0x00001faf)
[    5.597545] arm-smmu-v3 36600000.smmu: allocated 524288 entries for cmdq
[    5.606392] arm-smmu-v3 36600000.smmu: allocated 524288 entries for evtq
[    5.613933] arm-smmu-v3 36600000.smmu: msi_domain absent - falling back to wired irqs
[    5.622658] cdns-ufshcd 4e84000.ufs: ufshcd_populate_vreg: Unable to find vdd-hba-supply regulator, assuming enabled
[    5.633169] cdns-ufshcd 4e84000.ufs: ufshcd_populate_vreg: Unable to find vcc-supply regulator, assuming enabled
[    5.643324] cdns-ufshcd 4e84000.ufs: ufshcd_populate_vreg: Unable to find vccq-supply regulator, assuming enabled
[    5.653562] cdns-ufshcd 4e84000.ufs: ufshcd_populate_vreg: Unable to find vccq2-supply regulator, assuming enabled
[    5.664249] scsi host0: ufshcd
[    5.684169] cdns-ufshcd 4e84000.ufs: ufshcd_print_pwr_info:[RX, TX]: gear=[1, 1], lane[1, 1], pwr[SLOWAUTO_MODE, SLOWAUTO_MODE], rate = 0
[    5.706433] davinci_mdio 46000f00.mdio: davinci mdio revision 9.7, bus freq 1000000
[    5.714073] libphy: 46000f00.mdio: probed
[    5.715271] cdns-ufshcd 4e84000.ufs: ufshcd_print_pwr_info:[RX, TX]: gear=[3, 3], lane[2, 2], pwr[FAST MODE, FAST MODE], rate = 2
[    5.719219] davinci_mdio 46000f00.mdio: phy[0]: device 46000f00.mdio:00, driver TI DP83867
[    5.729737] cdns-ufshcd 4e84000.ufs: ufshcd_find_max_sup_active_icc_level: Regulator capability was not set, actvIccLevel=0
[    5.737960] am65-cpsw-nuss 46000000.ethernet: initializing am65 cpsw nuss version 0x6BA00101, cpsw version 0x6BA80100 Ports: 2 quirks:00000000
[    5.749227] scsi 0:0:0:49488: Well-known LUN    TOSHIBA  THGAF8G8T23BAILB 0300 PQ: 0 ANSI: 6
[    5.761824] am65-cpsw-nuss 46000000.ethernet: Failed to request tx dma channel -517
[    5.770612] scsi 0:0:0:49476: Well-known LUN    TOSHIBA  THGAF8G8T23BAILB 0300 PQ: 0 ANSI: 6
[    5.786667] cdns-ufshcd 4e84000.ufs: ufshcd_scsi_add_wlus: BOOT WLUN not found
[    5.794204] am65-cpts 310d0000.cpts: CPTS ver 0x4e8a010a, freq:200000000, add_val:4 pps:0
[    5.802823] mmc0: CQHCI version 5.10
[    5.845010] mmc0: SDHCI controller on 4f80000.sdhci [4f80000.sdhci] using ADMA 64-bit
[    5.853595] davinci-mcasp 2ba0000.mcasp: IRQ common not found
[    5.864814] vdd_mmc1: supplied by vsys_3v3
[    5.869410] omap-mailbox 31f80000.mailbox: omap mailbox rev 0x66fc7100
[    5.876212] omap-mailbox 31f81000.mailbox: omap mailbox rev 0x66fc7100
[    5.883010] omap-mailbox 31f82000.mailbox: omap mailbox rev 0x66fc7100
[    5.889803] omap-mailbox 31f83000.mailbox: omap mailbox rev 0x66fc7100
[    5.896570] omap-mailbox 31f84000.mailbox: omap mailbox rev 0x66fc7100
[    5.905730] ti-udma 285c0000.dma-controller: Channels: 26 (tchan: 13, rchan: 13, gp-rflow: 8)
[    5.915778] ti-udma 31150000.dma-controller: Channels: 84 (tchan: 42, rchan: 42, gp-rflow: 16)
[    5.928340] spi-nor spi0.0: mt35xu512aba (65536 Kbytes)
[    5.933589] 8 cmdlinepart partitions found on MTD device 47040000.spi.0
[    5.940194] Creating 8 MTD partitions on "47040000.spi.0":
[    5.945704] 0x000000000000-0x000000080000 : "ospi.tiboot3"
[    5.951743] 0x000000080000-0x000000280000 : "ospi.tispl"
[    5.957459] 0x000000280000-0x000000680000 : "ospi.u-boot"
[    5.963317] 0x000000680000-0x0000006a0000 : "ospi.env"
[    5.968820] 0x0000006a0000-0x0000006c0000 : "ospi.env.backup"
[    5.974941] 0x0000006c0000-0x0000007c0000 : "ospi.sysfw"
[    5.980753] 0x000000800000-0x000003fe0000 : "ospi.rootfs"
[    5.986568] 0x000003fe0000-0x000004000000 : "ospi.phypattern"
[    5.994890] spi-nor spi1.0: mt25qu512a (65536 Kbytes)
[    6.007950] mmc0: Command Queue Engine enabled
[    6.012398] mmc0: new HS200 MMC card at address 0001
[    6.017632] mmcblk0: mmc0:0001 S0J56X 14.8 GiB 
[    6.022271] mmcblk0boot0: mmc0:0001 S0J56X partition 1 31.5 MiB
[    6.028303] mmcblk0boot1: mmc0:0001 S0J56X partition 2 31.5 MiB
[    6.034297] mmcblk0rpmb: mmc0:0001 S0J56X partition 3 4.00 MiB, chardev (240:0)
[    6.041601] davinci_mdio 46000f00.mdio: davinci mdio revision 9.7, bus freq 1000000
[    6.049259] libphy: 46000f00.mdio: probed
[    6.054709] davinci_mdio 46000f00.mdio: phy[0]: device 46000f00.mdio:00, driver TI DP83867
[    6.063212] am65-cpsw-nuss 46000000.ethernet: initializing am65 cpsw nuss version 0x6BA00101, cpsw version 0x6BA80100 Ports: 2 quirks:00000000
[    6.077128] am65-cpsw-nuss 46000000.ethernet: set new flow-id-base 48
[    6.084018] am65-cpsw-nuss 46000000.ethernet: initialized cpsw ale version 1.4
[    6.091228] am65-cpsw-nuss 46000000.ethernet: ALE Table size 64
[    6.097506] am65-cpsw-nuss 46000000.ethernet: CPTS ver 0x4e8a010a, freq:500000000, add_val:1 pps:0
[    6.107649] mmc1: CQHCI version 5.10
[    7.172598] mmc1: SDHCI controller on 4fb0000.sdhci [4fb0000.sdhci] using ADMA 64-bit
[    7.180719] davinci-mcasp 2ba0000.mcasp: IRQ common not found
[    7.192721] debugfs: Directory 'pd:242' with parent 'pm_genpd' already present!
[    7.200156] debugfs: Directory 'pd:241' with parent 'pm_genpd' already present!
[    7.207469] debugfs: Directory 'pd:240' with parent 'pm_genpd' already present!
[    7.214785] debugfs: Directory 'pd:239' with parent 'pm_genpd' already present!
[    7.222950] input: gpio-keys as /devices/platform/gpio-keys/input/input0
[    7.229815] hctosys: unable to open rtc device (rtc0)
[    7.242707] ALSA device list:
[    7.245664]   No soundcards found.
[    7.249322] Waiting for root device PARTUUID=5bcb013e-02...
[    7.281372] mmc1: new ultra high speed DDR50 SDHC card at address aaaa
[    7.288235] mmcblk1: mmc1:aaaa SK32G 29.7 GiB 
[    7.295329]  mmcblk1: p1 p2
[    7.582029] EXT4-fs (mmcblk1p2): recovery complete
[    7.587815] EXT4-fs (mmcblk1p2): mounted filesystem with ordered data mode. Opts: (null)
[    7.595928] VFS: Mounted root (ext4 filesystem) on device 179:98.
[    7.604742] devtmpfs: mounted
[    7.608057] Freeing unused kernel memory: 1664K
[    7.612650] Run /sbin/init as init process
[    7.779886] systemd[1]: System time before build time, advancing clock.
[    7.833632] NET: Registered protocol family 10
[    7.838548] Segment Routing with IPv6
[    7.856913] systemd[1]: systemd 244.5+ running in system mode. (+PAM -AUDIT -SELINUX +IMA -APPARMOR -SMACK +SYSVINIT +UTMP -LIBCRYPTSETUP -GCRYPT -GNUTLS +ACL +XZ -LZ4 -SECCOMP +BLKID -ELFUTILS +KMOD )
[    7.878711] systemd[1]: Detected architecture arm64.

Welcome to Arago 2020.09!

[    7.923165] systemd[1]: Set hostname to <j7-evm>.
[    8.124677] systemd[1]: /lib/systemd/system/docker.socket:6: ListenStream= references a path below legacy directory /var/run/, updating /var/run/docker.sock → /run/docker.sock; please update the unit .
[    8.192279] random: systemd: uninitialized urandom read (16 bytes read)
[    8.198998] systemd[1]: system-getty.slice: unit configures an IP firewall, but the local system does not support BPF/cgroup firewalling.
[    8.211322] systemd[1]: (This warning is only shown for the first unit using IP firewalling.)
[    8.221214] systemd[1]: Created slice system-getty.slice.
[  OK  ] Created slice system-getty.slice.
[    8.238511] random: systemd: uninitialized urandom read (16 bytes read)
[    8.245749] systemd[1]: Created slice system-serial\x2dgetty.slice.
[  OK  ] Created slice system-serial\x2dgetty.slice.
[    8.262493] random: systemd: uninitialized urandom read (16 bytes read)
[    8.269682] systemd[1]: Created slice User and Session Slice.
[  OK  ] Created slice User and Session Slice.
[    8.286608] systemd[1]: Started Dispatch Password Requests to Console Directory Watch.
[  OK  ] Started Dispatch Password …ts to Console Directory Watch.
[    8.310539] systemd[1]: Started Forward Password Requests to Wall Directory Watch.
[  OK  ] Started Forward Password R…uests to Wall Directory Watch.
[    8.334536] systemd[1]: Reached target Paths.
[  OK  ] Reached target Paths.
[    8.350480] systemd[1]: Reached target Remote File Systems.
[  OK  ] Reached target Remote File Systems.
[    8.366473] systemd[1]: Reached target Slices.
[  OK  ] Reached target Slices.
[    8.382475] systemd[1]: Reached target Swap.
[  OK  ] Reached target Swap.
[    8.403523] systemd[1]: Listening on RPCbind Server Activation Socket.
[  OK  ] Listening on RPCbind Server Activation Socket.
[    8.422506] systemd[1]: Reached target RPC Port Mapper.
[  OK  ] Reached target RPC Port Mapper.
[    8.440800] systemd[1]: Listening on Process Core Dump Socket.
[  OK  ] Listening on Process Core Dump Socket.
[    8.458614] systemd[1]: Listening on initctl Compatibility Named Pipe.
[  OK  ] Listening on initctl Compatibility Named Pipe.
[    8.490896] systemd[1]: Condition check resulted in Journal Audit Socket being skipped.
[    8.500268] systemd[1]: Listening on Journal Socket (/dev/log).
[  OK  ] Listening on Journal Socket (/dev/log).
[    8.518711] systemd[1]: Listening on Journal Socket.
[  OK  ] Listening on Journal Socket.
[    8.534774] systemd[1]: Listening on Network Service Netlink Socket.
[  OK  ] Listening on Network Service Netlink Socket.
[    8.558667] systemd[1]: Listening on udev Control Socket.
[  OK  ] Listening on udev Control Socket.
[    8.574591] systemd[1]: Listening on udev Kernel Socket.
[  OK  ] Listening on udev Kernel Socket.
[    8.597431] systemd[1]: Mounting Huge Pages File System...
         Mounting Huge Pages File System...
[    8.617811] systemd[1]: Mounting POSIX Message Queue File System...
         Mounting POSIX Message Queue File System...
[    8.641932] systemd[1]: Mounting Kernel Debug File System...
         Mounting Kernel Debug File System...
[    8.666369] systemd[1]: Mounting Temporary Directory (/tmp)...
         Mounting Temporary Directory (/tmp)...
[    8.690192] systemd[1]: Starting Create list of static device nodes for the current kernel...
         Starting Create list of st…odes for the current kernel...
[    8.718095] systemd[1]: Starting Start psplash boot splash screen...
         Starting Start psplash boot splash screen...
[    8.744305] systemd[1]: Started Hardware RNG Entropy Gatherer Daemon.
[  OK  ] Started Hardware RNG Entropy Gatherer Daemon.
[    8.766337] systemd[1]: Starting RPC Bind...
         Starting RPC Bind...
[    8.782673] systemd[1]: Condition check resulted in File System Check on Root Device being skipped.
[    8.806898] systemd[1]: Starting Journal Service...
         Starting Journal Service...
[    8.827641] systemd[1]: Starting Load Kernel Modules...
         Starting Load Kernel Modules...
[    8.845001] cryptodev: loading out-of-tree module taints kernel.
[    8.855496] systemd[1]: Starting Remount Root and Kernel File Systems...
         Starting Remount Root and Kernel File Systems...
[    8.878175] EXT4-fs (mmcblk1p2): re-mounted. Opts: (null)
[    8.883872] cryptodev: driver 1.10 loaded.
[    8.890923] systemd[1]: Starting udev Coldplug all Devices...
         Starting udev Coldplug all Devices...
[    8.913832] systemd[1]: Started RPC Bind.
[  OK  ] Started RPC Bind.
[    8.931618] systemd[1]: Started Journal Service.
[  OK  ] Started Journal Service.
[  OK  ] Mounted Huge Pages File System.
[  OK  ] Mounted POSIX Message Queue File System.
[  OK  ] Mounted Kernel Debug File System.
[  OK  ] Mounted Temporary Directory (/tmp).
[  OK  ] Started Create list of sta… nodes for the current kernel.
[FAILED] Failed to start Start psplash boot splash screen.
See 'systemctl status psplash-start.service' for details.
[DEPEND] Dependency failed for Star…progress communication helper.
[  OK  ] Started Load Kernel Modules.
[  OK  ] Started Remount Root and Kernel File Systems.
         Mounting Kernel Configuration File System...
         Starting Flush Journal to Persistent Storage...
[    9.143838] systemd-journald[168]: Received client request to flush runtime journal.
         Starting Apply Kernel Variables...
         Starting Create Static Device Nodes in /dev...
[  OK  ] Mounted Kernel Configuration File System.
[  OK  ] Started Flush Journal to Persistent Storage.
[  OK  ] Started Apply Kernel Variables.
[  OK  ] Started Create Static Device Nodes in /dev.
[  OK  ] Reached target Local File Systems (Pre).
         Mounting /media/ram...
         Mounting /var/volatile...
         Starting udev Kernel Device Manager...
[  OK  ] Mounted /media/ram.
[  OK  ] Mounted /var/volatile.
         Starting Load/Save Random Seed...
[  OK  ] Reached target Local File Systems.
         Starting Create Volatile Files and Directories...
[  OK  ] Started udev Kernel Device Manager.
[  OK  ] Started Create Volatile Files and Directories.
[  OK  ] Started udev Coldplug all Devices.
         Starting Network Time Synchronization...
         Starting Update UTMP about System Boot/Shutdown...
[  OK  ] Started Update UTMP about System Boot/Shutdown.
[  OK  ] Started Network Time Synchronization.
[  OK  ] Reached target System Initialization.
[  OK  ] Started Daily Cleanup of Temporary Directories.
[  OK  ] Reached target System Time Set.
[  OK  ] Reached target System Time Synchronized.
[  OK  ] Started Daily rotation of log files.
[  OK  ] Reached target Timers.
[  OK  ] Listening on Avahi mDNS/DNS-SD Stack Activation Socket.
[  OK  ] Listening on D-Bus System Message Bus Socket.
         Starting Docker Socket for the API.
[  OK  ] Listening on dropbear.socket.
         Starting Reboot and dump vmcore via kexec...
[  OK  ] Listening on Docker Socket for the API.
[  OK  ] Reached target Sockets.
[  OK  ] Reached target Basic System.
[  OK  ] Started Job spooling tools.
[  OK  ] Started Periodic Command Scheduler.
[  OK  ] Started D-Bus System Message Bus.
[    9.852448] rti-wdt 2200000.watchdog: heartbeat 60 sec
         Starting Print notice about GPLv3 packages...
         Starting IPv6 Packet Filtering Framework...
         Starting IPv4 Packet Filtering Framework...
[  OK  ] Started irqbalance daemon.
         Starting rc.pvr.service...
         Starting Login Service...
[  OK  ] Started Reboot and dump vmcore via kexec.
[  OK  ] Started IPv6 Packet Filtering Framework.
[  OK  ] Started IPv4 Packet Filtering Framework.
[  OK  ] Reached target Network (Pre).
         Starting Network Service...
[   10.036296] rti-wdt 2210000.watchdog: heartbeat 60 sec
[  OK  ] Started Network Service.
         Starting Wait for Network to be Configured...
         Starting Network Name Resolution...
[   10.166866] PVR_K:  238: Read BVNC 22.104.208.318 from HW device registers
[  OK  ] Started Login Service.
[   10.177650] PVR_K:  238: RGX Device registered with BVNC 22.104.208.318
[   10.207655] [drm] Initialized pvr 1.13.5776728 20170530 for 4e20000000.gpu on minor 0
[  OK  ] Started Network Name Resolution.
[  OK  ] Reached target Network.
[  OK  ] Reached target Host and Network Name Lookups.
         Starting Avahi mDNS/DNS-SD Stack...
         Starting Enable and configure wl18xx bluetooth stack...
[  OK  ] Started NFS status monitor for NFSv2/3 locking..
         Starting Simple Network Ma…ent Protocol (SNMP) Daemon....
         Starting Permit User Sessions...
[  OK  ] Started Avahi mDNS/DNS-SD Stack.
[  OK  ] Started Permit User Sessions.
[  OK  ] Started Getty on tty1.
[  OK  ] Started Serial Getty on ttyS2.
[  OK  ] Started Serial Getty on ttyS3.
[  OK  ] Reached target Login Prompts.
         Starting Synchronize System and HW clocks...
[  OK  ] Started Enable and configure wl18xx bluetooth stack.
[FAILED] Failed to start Synchronize System and HW clocks.
See 'systemctl status sync-clocks.service' for details.
[   10.526900] ina2xx 4-0040: power monitor ina226 (Rshunt = 10000 uOhm)
[   10.563175] ina2xx 4-0041: power monitor ina226 (Rshunt = 10000 uOhm)
[   10.587154] ina2xx 4-0042: power monitor ina226 (Rshunt = 10000 uOhm)
[   10.606936] ina2xx 4-0043: power monitor ina226 (Rshunt = 10000 uOhm)
[   10.630680] ina2xx 4-0044: power monitor ina226 (Rshunt = 10000 uOhm)
[   10.651152] ina2xx 4-0045: power monitor ina226 (Rshunt = 5000 uOhm)
[   10.670925] ina2xx 4-0046: power monitor ina226 (Rshunt = 10000 uOhm)
[   10.694684] ina2xx 4-0047: power monitor ina226 (Rshunt = 10000 uOhm)
[   10.710926] ina2xx 4-0048: power monitor ina226 (Rshunt = 10000 uOhm)
[   10.734682] ina2xx 4-0049: power monitor ina226 (Rshunt = 10000 uOhm)
[   10.755154] ina2xx 4-004a: power monitor ina226 (Rshunt = 10000 uOhm)
[   10.774966] ina2xx 4-004b: power monitor ina226 (Rshunt = 10000 uOhm)
[   10.798673] ina2xx 4-004c: power monitor ina226 (Rshunt = 10000 uOhm)
[   10.814927] ina2xx 4-004d: power monitor ina226 (Rshunt = 10000 uOhm)
[   10.838675] ina2xx 4-004e: power monitor ina226 (Rshunt = 10000 uOhm)
[   10.858957] ina2xx 4-004f: power monitor ina226 (Rshunt = 10000 uOhm)
[   11.122457] random: crng init done
[   11.125878] random: 7 urandom warning(s) missed due to ratelimiting
[  OK  ] Started Load/Save Random Seed.
[   11.287464] k3-dsp-rproc 4d80800000.dsp: assigned reserved memory node vision-apps-c66-dma-memory@a9000000
[   11.402283] k3-dsp-rproc 4d80800000.dsp: configured DSP for IPC-only mode
[   11.486690] remoteproc remoteproc0: 4d80800000.dsp is available
[  OK  ] Started Simple Network Man…ement Protocol (SNMP) Daemon..
[   11.560286] k3-dsp-rproc 4d81800000.dsp: assigned reserved memory node vision-apps-c66-dma-memory@a8000000
[   11.602669] remoteproc remoteproc0: powering up 4d80800000.dsp
[   11.608591] remoteproc remoteproc0: Booting fw image j7-c66_0-fw, size 1579152
[   11.621861] k3-dsp-rproc 4d80800000.dsp: DSP initialized in IPC-only mode
[   11.634455]  remoteproc0#vdev0buffer: assigned reserved memory node vision-apps-c66-dma-memory@a9000000
[   11.645925] virtio_rpmsg_bus virtio0: rpmsg host is online
[   11.656418]  remoteproc0#vdev0buffer: registered virtio0 (type 7)
[   11.662524] remoteproc remoteproc0: remote processor 4d80800000.dsp is now up
[   11.674968] virtio_rpmsg_bus virtio0: creating channel rpmsg_chrdev addr 0xd
[   11.702543] k3-dsp-rproc 4d81800000.dsp: configured DSP for IPC-only mode
[   11.727320] remoteproc remoteproc1: 4d81800000.dsp is available
[   11.819836] k3-dsp-rproc 64800000.dsp: assigned reserved memory node vision-apps-c71-dma-memory@aa000000
[   11.852476] remoteproc remoteproc1: powering up 4d81800000.dsp
[   11.858335] remoteproc remoteproc1: Booting fw image j7-c66_1-fw, size 1579152
[   11.869701] k3-dsp-rproc 4d81800000.dsp: DSP initialized in IPC-only mode
[   11.880280]  remoteproc1#vdev0buffer: assigned reserved memory node vision-apps-c66-dma-memory@a8000000
[   11.895276] virtio_rpmsg_bus virtio1: rpmsg host is online
[   11.902588]  remoteproc1#vdev0buffer: registered virtio1 (type 7)
[   11.913353] remoteproc remoteproc1: remote processor 4d81800000.dsp is now up
[   11.926545] virtio_rpmsg_bus virtio1: creating channel rpmsg_chrdev addr 0xd
[   11.995085] k3-dsp-rproc 64800000.dsp: configured DSP for IPC-only mode
[   12.012098] CAN device driver interface
[   12.048955] platform 41000000.r5f: R5F core may have been powered on by a different host, programmed state (0) != actual state (1)
[   12.085176] m_can_platform 40528000.can: m_can device registered (irq=15, version=32)
[   12.141302] remoteproc remoteproc2: 64800000.dsp is available
***************************************************************
***************************************************************
NOTICE: This file system contains the following GPLv3 packages:
        autoconf
        bash-dev
        bash
        bc
        binutils
        cifs-utils
        coreutils-stdbuf
        coreutils
        cpio
        cpp-symlinks
        cpp
        dosfstools
        elfutils
        g++-symlinks
        g++
        gawk
        gcc-symlinks
        gcc
        gdb
        gdbserver
        gettext
        glmark2
        gstreamer1.0-libav
        gzip
        less
        libasm1
        libbfd
        libdw1
        libelf1
        libgdbm-compat4
        libgdbm-dev
        libgdbm6
        libgettextlib
        libgettextsrc
        libgmp10
        libidn2-0
        libmpc3
        libmpfr6
        libreadline-dev
        libreadline8
        libunistring2
        m4-dev
        m4
        make
        nettle
        parted
        tar
        which

If you do not wish to distribute GPLv3 components[   12.234403] platform 41000000.r5f: configured R5F for IPC-only mode
 please remove
the above packages prior to distribution.  This [   12.235171] m_can_platform 40568000.can: m_can device registered (irq=17, version=32)
can be done using
the opkg remove command.  i.e.:
    opkg remove <package>
Where <package> is the name printed in the list above

NOTE: If the package is a dependency of another package you
      will be notified of the dependent packages.  You should
      use the --force-removal-of-dependent-packages option to
      also remove the dependent packages as well
***************************************************************
***************************************************************
[  OK  ] Started Print notice about GPLv3 pa[   12.311065] remoteproc remoteproc2: powering up 64800000.dsp
ckages.
[   12.322460] remoteproc remoteproc2: Booting fw image j7-c71_0-fw, size 10268656
[   12.334604] k3-dsp-rproc 64800000.dsp: DSP initialized in IPC-only mode
[   12.346496]  remoteproc2#vdev0buffer: assigned reserved memory node vision-apps-c71-dma-memory@aa000000
[   12.358941] virtio_rpmsg_bus virtio2: rpmsg host is online
[   12.360858] virtio_rpmsg_bus virtio2: creating channel rpmsg_chrdev addr 0xd
[   12.370451]  remoteproc2#vdev0buffer: registered virtio2 (type 7)
[   12.377645] remoteproc remoteproc2: remote processor 64800000.dsp is now up
[   12.403715] platform 41000000.r5f: assigned reserved memory node vision-apps-r5f-dma-memory@a0000000
[   12.467215] remoteproc remoteproc3: 41000000.r5f is available
[   12.522500] remoteproc remoteproc3: powering up 41000000.r5f
[   12.528191] remoteproc remoteproc3: Booting fw image j7-mcu-r5f0_0-fw, size 196136
[   12.542726] platform 41000000.r5f: R5F core initialized in IPC-only mode
[   12.554446]  remoteproc3#vdev0buffer: assigned reserved memory node vision-apps-r5f-dma-memory@a0000000
[   12.564245] virtio_rpmsg_bus virtio3: rpmsg host is online
[   12.574484]  remoteproc3#vdev0buffer: registered virtio3 (type 7)
[   12.580578] remoteproc remoteproc3: remote processor 41000000.r5f is now up
[   12.594490] virtio_rpmsg_bus virtio3: creating channel ti.ipc4.ping-pong addr 0xd
[   12.602105] virtio_rpmsg_bus virtio3: creating channel rpmsg_chrdev addr 0xe
[   12.611736] platform 5c00000.r5f: configured R5F for IPC-only mode
[   12.626528] platform 5c00000.r5f: assigned reserved memory node vision-apps-r5f-dma-memory@a2000000
[   12.739177] remoteproc remoteproc4: 5c00000.r5f is available
[   12.836888] platform 5d00000.r5f: configured R5F for IPC-only mode
[   12.896074] TI DP83867 46000f00.mdio:00: attached PHY driver [TI DP83867] (mii_bus:phy_addr=46000f00.mdio:00, irq=POLL)
[   12.916279] am65-cpsw-nuss 46000000.ethernet eth0: Link is Down
[   12.968358] platform 5d00000.r5f: assigned reserved memory node vision-apps-r5f-dma-memory@a4000000
[   12.977523] remoteproc remoteproc4: powering up 5c00000.r5f
[   12.983144] remoteproc remoteproc4: Booting fw image j7-main-r5f0_0-fw, size 5265752
[   12.998577] platform 5c00000.r5f: R5F core initialized in IPC-only mode
[   13.006483]  remoteproc4#vdev0buffer: assigned reserved memory node vision-apps-r5f-dma-memory@a2000000
[   13.023025] virtio_rpmsg_bus virtio4: rpmsg host is online
[   13.032325]  remoteproc4#vdev0buffer: registered virtio4 (type 7)
[   13.042437] remoteproc remoteproc4: remote processor 5c00000.r5f is now up
[   13.051430] virtio_rpmsg_bus virtio4: creating channel rpmsg_chrdev addr 0xd
[   13.114716] remoteproc remoteproc5: 5d00000.r5f is available
[   13.198454] platform 5e00000.r5f: configured R5F for remoteproc mode
[   13.216225] remoteproc remoteproc5: powering up 5d00000.r5f
[   13.221861] remoteproc remoteproc5: Booting fw image j7-main-r5f0_1-fw, size 1968128
[   13.229980] platform 5e00000.r5f: assigned reserved memory node vision-apps-r5f-dma-memory@a6000000
[   13.234568] platform 5d00000.r5f: R5F core initialized in IPC-only mode
[   13.250460]  remoteproc5#vdev0buffer: assigned reserved memory node vision-apps-r5f-dma-memory@a4000000
[   13.267107] virtio_rpmsg_bus virtio5: rpmsg host is online
[   13.272167] virtio_rpmsg_bus virtio5: creating channel rpmsg_chrdev addr 0xd
[   13.272774]  remoteproc5#vdev0buffer: registered virtio5 (type 7)
[   13.280834] virtio_rpmsg_bus virtio5: creating channel rpmsg_chrdev addr 0x15
[   13.294444] remoteproc remoteproc5: remote processor 5d00000.r5f is now up
[   13.301423] virtio_rpmsg_bus virtio2: creating channel rpmsg_chrdev addr 0x15
[   13.312954] virtio_rpmsg_bus virtio2: creating channel ti.ipc4.ping-pong addr 0xe
[   13.324875] virtio_rpmsg_bus virtio0: creating channel rpmsg_chrdev addr 0x15
[   13.336735] virtio_rpmsg_bus virtio0: creating channel ti.ipc4.ping-pong addr 0xe
[   13.349396] remoteproc remoteproc6: 5e00000.r5f is available
[   13.355257] virtio_rpmsg_bus virtio1: creating channel rpmsg_chrdev addr 0x15
[   13.362563] virtio_rpmsg_bus virtio1: creating channel ti.ipc4.ping-pong addr 0xe
[   13.372567] virtio_rpmsg_bus virtio4: creating channel rpmsg_chrdev addr 0x15
[   13.384308] virtio_rpmsg_bus virtio4: creating channel ti.ethfw.notifyservice addr 0x1e
[   13.398527] virtio_rpmsg_bus virtio4: creating channel rpmsg-kdrv addr 0x1a
[   13.407891] virtio_rpmsg_bus virtio5: creating channel ti.ipc4.ping-pong addr 0xe
[   13.418470] rpmsg-kdrv-eth-switch rpmsg-kdrv-2-mpu_1_0_ethswitch-device-0: Device info: permissions: 07FFFFFF uart_id: 2
[   13.434450] rpmsg-kdrv-eth-switch rpmsg-kdrv-2-mpu_1_0_ethswitch-device-0: FW ver 0.1 (rev 1)  8/Apr/2021 SHA:
[   13.446521] virtio_rpmsg_bus virtio4: creating channel ti.ipc4.ping-pong addr 0xe
[   13.464939] remoteproc remoteproc6: Direct firmware load for j7-main-r5f1_0-fw failed with error -2
[   13.477195] remoteproc remoteproc6: powering up 5e00000.r5f
[   13.482809] remoteproc remoteproc6: Direct firmware load for j7-main-r5f1_0-fw failed with error -2
[   13.492880] platform 5f00000.r5f: configured R5F for remoteproc mode
[   13.499294] remoteproc remoteproc6: request_firmware failed: -2
[   13.546768] platform 5f00000.r5f: assigned reserved memory node vision-apps-r5f-dma-memory@a7000000
[   13.611904] remoteproc remoteproc7: 5f00000.r5f is available
[   13.650129] remoteproc remoteproc7: Direct firmware load for j7-main-r5f1_1-fw failed with error -2
[   13.662412] remoteproc remoteproc7: powering up 5f00000.r5f
[   13.670510] remoteproc remoteproc7: Direct firmware load for j7-main-r5f1_1-fw failed with error -2
[   13.686466] remoteproc remoteproc7: request_firmware failed: -2
[  OK  ] Created slice system-systemd\x2dfsck.slice.
[  OK  ] Found device /dev/mmcblk1p1.
         Starting File System Check on /dev/mmcblk1p1...
[   14.294366] j721e-cpsw-virt-mac main_r5fss_cpsw9g_virt_mac0: virt_cpsw_nuss mac loaded
[   14.321965] j721e-audio sound@0: ASoC: failed to init link CPB pcm3168a DAC: -517
[   14.378477] j721e-audio sound@0: devm_snd_soc_register_card() failed: -517
[   14.411005] j721e-cpsw-virt-mac main_r5fss_cpsw9g_virt_mac0: rdev_features:00000003 rdev_mtu:1522 flow_id:172 tx_psil_dst_id:4A00
[  OK  ] Started File System Check on /dev/mmcblk1p1.
         Mounting /run/media/mmcblk1p1...
[   14.475556] j721e-cpsw-virt-mac main_r5fss_cpsw9g_virt_mac0: local_mac_addr:00:00:00:00:00:00 rdev_mac_addr:70:ff:76:1d:92:c1
[  OK  ] Mounted /run/media/mmcblk1p1.
[   14.534550] j721e-audio sound@0: ASoC: failed to init link CPB pcm3168a DAC: -517
[   14.543480] j721e-audio sound@0: devm_snd_soc_register_card() failed: -517
[  OK  ] Created slice system-weston.slice.
[  OK  ] Started Weston Wayland Compositor.
[  OK  ] Created slice User Slice of UID 0.
[   15.349273] j721e-audio sound@0: ASoC: failed to init link CPB pcm3168a DAC: -517
         Starting User Runtime Directory /run/user/0...
[   15.366581] j721e-audio sound@0: devm_snd_soc_register_card() failed: -517
[   15.403023] j721e-audio sound@0: ASoC: failed to init link CPB pcm3168a DAC: -517
[   15.414977] j721e-audio sound@0: devm_snd_soc_register_card() failed: -517
[   15.424816] j721e-audio sound@0: ASoC: failed to init link CPB pcm3168a DAC: -517
[   15.446457] j721e-audio sound@0: devm_snd_soc_register_card() failed: -517
[   15.446480] omap_rng 4e10000.rng: Random Number Generator ver. 241b34c
[   15.500350] j721e-audio sound@0: ASoC: failed to init link CPB pcm3168a DAC: -517
[   15.508573] remoteproc remoteproc8: b034000.pru is available
[   15.510445] j721e-audio sound@0: devm_snd_soc_register_card() failed: -517
[   15.542946] j721e-audio sound@0: ASoC: failed to init link CPB pcm3168a DAC: -517
[   15.562463] j721e-audio sound@0: devm_snd_soc_register_card() failed: -517
[   15.578488] pru-rproc b034000.pru: PRU rproc node /bus@100000/icssg@b000000/pru@34000 probed successfully
[   15.628760] j721e-audio sound@0: ASoC: failed to init link CPB pcm3168a DAC: -517
[   15.646490] j721e-audio sound@0: devm_snd_soc_register_card() failed: -517
[   15.678948] j721e-audio sound@0: ASoC: failed to init link CPB pcm3168a DAC: -517
[   15.687081] remoteproc remoteproc9: b004000.rtu is available
[   15.692742] j721e-audio sound@0: devm_snd_soc_register_card() failed: -517
[   15.735371] pru-rproc b004000.rtu: PRU rproc node /bus@100000/icssg@b000000/rtu@4000 probed successfully
[   15.788140] j721e-audio sound@0: ASoC: failed to init link CPB pcm3168a DAC: -517
[   15.797401] pru-rproc b00a000.txpru: IRQ vring not found
[   15.802845] j721e-audio sound@0: devm_snd_soc_register_card() failed: -517
[   15.826601] pru-rproc b00a000.txpru: IRQ kick not found
[   15.837513] remoteproc remoteproc10: b00a000.txpru is available
[   15.853780] pru-rproc b00a000.txpru: PRU rproc node /bus@100000/icssg@b000000/txpru@a000 probed successfully
[   15.878533] j721e-audio sound@0: ASoC: failed to init link CPB pcm3168a DAC: -517
[   15.890289] j721e-audio sound@0: devm_snd_soc_register_card() failed: -517
[   15.904014] remoteproc remoteproc11: b038000.pru is available
[   15.926131] pru-rproc b038000.pru: PRU rproc node /bus@100000/icssg@b000000/pru@38000 probed successfully
[   15.939011] PVR_K:  937: RGX Firmware image 'rgx.fw.22.104.208.318' loaded
[   15.953665] j721e-audio sound@0: ASoC: failed to init link CPB pcm3168a DAC: -517
[   15.962197] remoteproc remoteproc12: b006000.rtu is available
[   15.962230] pru-rproc b006000.rtu: PRU rproc node /bus@100000/icssg@b000000/rtu@6000 probed successfully
[   15.977446] j721e-audio sound@0: devm_snd_soc_register_card() failed: -517
[   16.011003] j721e-audio sound@0: ASoC: failed to init link CPB pcm3168a DAC: -517
[   16.019061] pru-rproc b00c000.txpru: IRQ vring not found
[   16.024407] j721e-audio sound@0: devm_snd_soc_register_card() failed: -517
[   16.041793] pru-rproc b00c000.txpru: IRQ kick not found
[   16.051564] cdns-usb3 6000000.usb: DRD version v1 (ID: 0004024e, rev: 00000200)
[   16.054506] remoteproc remoteproc13: b00c000.txpru is available
[   16.070649] pru-rproc b00c000.txpru: PRU rproc node /bus@100000/icssg@b000000/txpru@c000 probed successfully
[   16.091065] j721e-audio sound@0: ASoC: failed to init link CPB pcm3168a DAC: -517
[   16.099437] remoteproc remoteproc14: b134000.pru is available
[   16.105195] j721e-audio sound@0: devm_snd_soc_register_card() failed: -517
[   16.114475] pru-rproc b134000.pru: PRU rproc node /bus@100000/icssg@b100000/pru@34000 probed successfully
[   16.134884] j721e-audio sound@0: ASoC: failed to init link CPB pcm3168a DAC: -517
[   16.142894] cdns-usb3 6400000.usb: DRD version v1 (ID: 0004024e, rev: 00000200)
[   16.142919] remoteproc remoteproc15: b104000.rtu is available
[   16.155962] j721e-audio sound@0: devm_snd_soc_register_card() failed: -517
[   16.163296] j721e-audio sound@0: ASoC: failed to init link CPB pcm3168a DAC: -517
[   16.174440] j721e-audio sound@0: devm_snd_soc_register_card() failed: -517
[   16.181411] pru-rproc b104000.rtu: PRU rproc node /bus@100000/icssg@b100000/rtu@4000 probed successfully
[   16.186734] j721e-audio sound@0: ASoC: failed to init link CPB pcm3168a DAC: -517
[   16.201776] j721e-audio sound@0: devm_snd_soc_register_card() failed: -517
[   16.222849] j721e-audio sound@0: ASoC: failed to init link CPB pcm3168a DAC: -517
[   16.230617] pru-rproc b10a000.txpru: IRQ vring not found
[   16.233961] j721e-audio sound@0: devm_snd_soc_register_card() failed: -517
[   16.246438] pru-rproc b10a000.txpru: IRQ kick not found
[   16.258532] remoteproc remoteproc16: b10a000.txpru is available
[   16.264855] pru-rproc b10a000.txpru: PRU rproc node /bus@100000/icssg@b100000/txpru@a000 probed successfully
[   16.286929] j721e-audio sound@0: ASoC: failed to init link CPB pcm3168a DAC: -517
[   16.295018] remoteproc remoteproc17: b138000.pru is available
[   16.300771] j721e-audio sound@0: devm_snd_soc_register_card() failed: -517
[   16.314466] pru-rproc b138000.pru: PRU rproc node /bus@100000/icssg@b100000/pru@38000 probed successfully
[   16.330880] j721e-audio sound@0: ASoC: failed to init link CPB pcm3168a DAC: -517
[   16.338951] remoteproc remoteproc18: b106000.rtu is available
[   16.344721] j721e-audio sound@0: devm_snd_soc_register_card() failed: -517
[   16.346481] pru-rproc b106000.rtu: PRU rproc node /bus@100000/icssg@b100000/rtu@6000 probed successfully
[   16.366870] j721e-audio sound@0: ASoC: failed to init link CPB pcm3168a DAC: -517
[   16.375347] pru-rproc b10c000.txpru: IRQ vring not found
[   16.380660] j721e-audio sound@0: devm_snd_soc_register_card() failed: -517
[   16.394429] pru-rproc b10c000.txpru: IRQ kick not found
[   16.400532] remoteproc remoteproc19: b10c000.txpru is available

 _____                    _____           _         _   
|  _  |___ ___ ___ ___   |  _  |___ ___  |_|___ ___| |_ 
|     |  _[   16.414458] pru-rproc b10c000.txpru: PRU rproc node /bus@100000/icssg@b100000/txpru@c000 probed successfully
| .'| . | . |  |   __|  _| . | | | -_|  _|  _|
|__|__|_| |__,|_  |___|  |__|  |_| |___|_| |___|___|_|  
              |___|   [   16.434871] j721e-audio sound@0: ASoC: failed to init link CPB pcm3168a DAC: -517
                 |___|            

Arago Project http://arago-project.org j7-evm ttyS2

Arago 2020.09 j7-evm ttyS2

j7-ev[   16.452638] j721e-audio sound@0: devm_snd_soc_register_card() failed: -517
m login: [   16.651177] j721e-audio sound@0: ASoC: failed to init link CPB pcm3168a DAC: -517
[   16.662441] j721e-audio sound@0: devm_snd_soc_register_card() failed: -517
[   16.675369] j721e-audio sound@0: ASoC: failed to init link CPB pcm3168a DAC: -517
[   16.685721] j721e-audio sound@0: devm_snd_soc_register_card() failed: -517
[   17.131936] usbcore: registered new interface driver usbfs
[   17.176298] j721e-cpsw-virt-mac main_r5fss_cpsw9g_virt_mac0: virt_cpsw_nuss mac started
[   17.196177] usbcore: registered new interface driver hub
[   17.213620] usbcore: registered new device driver usb
[   17.258027] xhci-hcd xhci-hcd.2.auto: xHCI Host Controller
[   17.274447] xhci-hcd xhci-hcd.2.auto: new USB bus registered, assigned bus number 1
[   17.290560] xhci-hcd xhci-hcd.2.auto: hcc params 0x200073c9 hci version 0x100 quirks 0x0000000000010010
[   17.302475] xhci-hcd xhci-hcd.2.auto: irq 601, io mem 0x06410000
[   17.314473] usb usb1: New USB device found, idVendor=1d6b, idProduct=0002, bcdDevice= 5.04
[   17.330426] usb usb1: New USB device strings: Mfr=3, Product=2, SerialNumber=1
[   17.337639] usb usb1: Product: xHCI Host Controller
[   17.350424] usb usb1: Manufacturer: Linux 5.4.106-g023faefa70 xhci-hcd
[   17.356942] usb usb1: SerialNumber: xhci-hcd.2.auto
[   17.363340] hub 1-0:1.0: USB hub found
[   17.367555] hub 1-0:1.0: 1 port detected
[   17.379022] j721e-audio sound@0: ASoC: failed to init link CPB pcm3168a DAC: -517
[   17.387184] xhci-hcd xhci-hcd.2.auto: xHCI Host Controller
[   17.392687] j721e-audio sound@0: devm_snd_soc_register_card() failed: -517
[   17.400093] xhci-hcd xhci-hcd.2.auto: new USB bus registered, assigned bus number 2
[   17.408193] j721e-audio sound@0: ASoC: failed to init link CPB pcm3168a DAC: -517
[   17.418440] j721e-audio sound@0: devm_snd_soc_register_card() failed: -517
[   17.425563] xhci-hcd xhci-hcd.2.auto: Host supports USB 3.0 SuperSpeed
[   17.434474] usb usb2: We don't know the algorithms for LPM for this host, disabling LPM.
[   17.446470] usb usb2: New USB device found, idVendor=1d6b, idProduct=0003, bcdDevice= 5.04
[   17.462424] usb usb2: New USB device strings: Mfr=3, Product=2, SerialNumber=1
[   17.469634] usb usb2: Product: xHCI Host Controller
[   17.478425] usb usb2: Manufacturer: Linux 5.4.106-g023faefa70 xhci-hcd
[   17.484942] usb usb2: SerialNumber: xhci-hcd.2.auto
[   17.494652] hub 2-0:1.0: USB hub found
[   17.502431] hub 2-0:1.0: 1 port detected
[   17.506898] j721e-audio sound@0: ASoC: failed to init link CPB pcm3168a DAC: -517
[   17.517574] j721e-audio sound@0: devm_snd_soc_register_card() failed: -517
[   17.530821] j721e-audio sound@0: ASoC: failed to init link CPB pcm3168a DAC: -517
[   17.542441] j721e-audio sound@0: devm_snd_soc_register_card() failed: -517
[   17.714434] usb 1-1: new high-speed USB device number 2 using xhci-hcd
[   17.874698] usb 1-1: New USB device found, idVendor=0451, idProduct=8142, bcdDevice= 1.00
[   17.886425] usb 1-1: New USB device strings: Mfr=0, Product=0, SerialNumber=1
[   17.893549] usb 1-1: SerialNumber: F0070879E165
[   17.902881] hub 1-1:1.0: USB hub found
[   17.910437] hub 1-1:1.0: 4 ports detected
[   17.915642] j721e-audio sound@0: ASoC: failed to init link CPB pcm3168a DAC: -517
[   17.930758] j721e-audio sound@0: devm_snd_soc_register_card() failed: -517